[1] 待抓取 2 个，每个 worker 每批 1 个（不限批数，抓完 pending 为止），批间强制休息 0 分钟
[daemon] 队列 crawl_1688_contact: 待补货店铺 2 个 + 待认领工作项 0 个
[1] 待抓取 2 个，每个 worker 每批 1 个（不限批数，抓完 pending 为止），批间强制休息 0 分钟
[daemon] 队列 crawl_mic_contact: 待补货店铺 2 个 + 待认领工作项 0 个
[daemon] 启动重置：0 个 claimed 工作项 → pending，0 个 in_progress 店铺 → pending（逐 site: .1688.com, .cn.made-in-china.com）
[2] 启动 1 个 worker（直连）
    [launch] 检查 CloakBrowser 会话席位…
    [launch] 启动 CloakBrowser 二进制（含 GeoIP 探测）…
    [launch] 浏览器进程已启动，创建初始 view…
    [cookie] identity=1688:direct，可用 151 个（库内共 177，已过期剔除 26，最近过期: 2026-08-31 02:46:57）
    [launch] 检查 CloakBrowser 会话席位…
    [launch] 启动 CloakBrowser 二进制（含 GeoIP 探测）…
    [launch] 浏览器进程已启动，创建初始 view…
    [cookie] identity=1688:direct，可用 162 个（库内共 177，已过期剔除 15，最近过期: 2026-08-08 19:09:19）
    [relaunch] 浏览器已重启，新出口 IP=1688:direct
[w0]   [X] 策略链声明放弃，标记 failed 跳过（已解析联系方式页）
    [cookie] identity=madeinchina:direct，可用 1 个（库内共 1，已过期剔除 0，最近过期: 未知）
    [cookie] 已把 162 个 Cookie 写回数据库 (identity=1688:direct)
    [cookie] 已把 13 个 Cookie 写回数据库 (identity=madeinchina:direct)
    [launch] 检查 CloakBrowser 会话席位…
    [launch] 启动 CloakBrowser 二进制（含 GeoIP 探测）…
    [launch] 浏览器进程已启动，创建初始 view…
    [cookie] identity=1688:direct，可用 162 个（库内共 177，已过期剔除 15，最近过期: 2026-08-08 19:09:19）
    [relaunch] 浏览器已重启，新出口 IP=1688:direct
[w0]   [X] 策略链声明放弃，标记 failed 跳过（已解析联系方式页）
