[OK] 没有待抓取的店铺。统计: {'runs': 0, 'shops': 4, 'pending': 2, 'in_progress': 0, 'done': 2, 'no_contact': 0, 'failed': 0, 'with_mobile': 0, 'categories_tracked': 0, 'categories_exhausted': 0}
    先运行 shop / company 任务采集更多店铺
[daemon] crawl_1688_contact inner.prepare 报告队列暂空，继续常驻等货
[daemon] 队列 crawl_1688_contact: 待补货店铺 0 个 + 待认领工作项 0 个
[1] 待抓取 2 个，每个 worker 每批 1 个（不限批数，抓完 pending 为止），批间强制休息 0 分钟
[daemon] 队列 crawl_mic_contact: 待补货店铺 2 个 + 待认领工作项 0 个
[daemon] 启动重置：0 个 claimed 工作项 → pending，0 个 in_progress 店铺 → pending（逐 site: .1688.com, .cn.made-in-china.com）
[2] 启动 1 个 worker（直连）
    [launch] 检查 CloakBrowser 会话席位…
    [launch] 启动 CloakBrowser 二进制（含 GeoIP 探测）…
    [launch] 浏览器进程已启动，创建初始 view…
    [cookie] identity=1688:direct，可用 151 个（库内共 177，已过期剔除 26，最近过期: 2026-08-31 02:46:57）
    [cookie] identity=madeinchina:direct，可用 1 个（库内共 1，已过期剔除 0，最近过期: 未知）
[w0] [X] worker 异常退出: 'empty'
[OK] 本次完成: 有联系方式 0, 无联系方式 0, 失败 0
    数据库统计: {'runs': 0, 'shops': 4, 'pending': 0, 'in_progress': 1, 'done': 2, 'no_contact': 1, 'failed': 0, 'with_mobile': 0, 'categories_tracked': 0, 'categories_exhausted': 0}
tmd（反爬验证）触发统计 —— 每个出口 IP 的安全性:
    出口IP                      请求    成功   触发    tmd率     平均间隔    最少    最多  最近触发
    madeinchina:direct         1     1    0    0.0%        —     —     —  —
    整体: 1 次页面请求，触发 0 次，tmd率 0.00%
    尚无触发记录，样本不足，继续跑一段时间后再看经验值
