[0] 播种 0 个 category item + 1 条 discover
[1] 数据库现有店铺 0 个（pending 0 / done 0 / no_contact 0 / failed 0），每个 worker 每批 1 个店铺（不限批数），批间强制休息 0 分钟
[daemon] 队列 crawl_1688_company: 待补货店铺 0 个 + 待认领工作项 1 个
[daemon] 启动重置：0 个 claimed 工作项 → pending，0 个 in_progress 店铺 → pending（逐 site: ）
[2] 启动 1 个 worker（直连）
    [launch] 检查 CloakBrowser 会话席位…
    [launch] 启动 CloakBrowser 二进制（含 GeoIP 探测）…
    [launch] 浏览器进程已启动，创建初始 view…
    [cookie] 已从 cookies_1688.json 导入 165 个 Cookie 到 identity=1688:direct
    [cookie] identity=1688:direct，可用 139 个（库内共 165，已过期剔除 26，最近过期: 2026-08-29 21:33:38）
    [cookie] 已把 148 个 Cookie 写回数据库 (identity=1688:direct)
[solve] 第 1/8 次尝试：回放 30 点轨迹，距离 258px（剩余未用轨迹 8 条）
[judge] 检测到滑块报错文案: 
验证失败，点击框体重试(error:Uvr658)  
    验证失败，
[solve] 第 1 次失败
[solve] 检测到'验证失败，点击重试'状态，已点击错误框，等待滑块重渲……
[solve] 滑块已重新渲染
[solve] 第 2/8 次尝试：回放 50 点轨迹，距离 258px（剩余未用轨迹 7 条）
[judge] 检测到滑块报错文案: 
验证失败，点击框体重试(error:Uvr658)  
    验证失败，
[solve] 第 2 次失败
[solve] 已连续失败 2 次，刷新页面重新等滑块……
[solve] 第 3/8 次尝试：回放 59 点轨迹，距离 258px（剩余未用轨迹 6 条）
[judge] 检测到滑块报错文案: 
验证失败，点击框体重试(error:Uvr658)  
    验证失败，
[solve] 第 3 次失败
[solve] 检测到'验证失败，点击重试'状态，已点击错误框，等待滑块重渲……
[solve] 滑块已重新渲染
[solve] 第 4/8 次尝试：回放 33 点轨迹，距离 258px（剩余未用轨迹 5 条）
[judge] 检测到滑块报错文案: 
验证失败，点击框体重试(error:Uvr658)  
    验证失败，
[solve] 第 4 次失败
[solve] 已连续失败 4 次，刷新页面重新等滑块……
[solve] 第 5/8 次尝试：回放 35 点轨迹，距离 258px（剩余未用轨迹 4 条）
[judge] 检测到滑块报错文案: 
验证失败，点击框体重试(error:Uvr658)  
    验证失败，
[solve] 第 5 次失败
[solve] 检测到'验证失败，点击重试'状态，已点击错误框，等待滑块重渲……
[solve] 滑块已重新渲染
[solve] 第 6/8 次尝试：回放 38 点轨迹，距离 258px（剩余未用轨迹 3 条）
[judge] 检测到滑块报错文案: 
验证失败，点击框体重试(error:Uvr658)  
    验证失败，
[solve] 第 6 次失败
[solve] 已连续失败 6 次，刷新页面重新等滑块……
[solve] 第 7/8 次尝试：回放 83 点轨迹，距离 258px（剩余未用轨迹 2 条）
[judge] 检测到滑块报错文案: 
验证失败，点击框体重试(error:Uvr658)  
    验证失败，
[solve] 第 7 次失败
[solve] 检测到'验证失败，点击重试'状态，已点击错误框，等待滑块重渲……
[solve] 滑块已重新渲染
[solve] 第 8/8 次尝试：回放 19 点轨迹，距离 258px（剩余未用轨迹 1 条）
[judge] 检测到滑块报错文案: 
验证失败，点击框体重试(error:Uvr658)  
    验证失败，
[solve] 第 8 次失败
[solve] ✗ 第 1 层滑块 8 次尝试均未通过
    [launch] 检查 CloakBrowser 会话席位…
    [launch] 启动 CloakBrowser 二进制（含 GeoIP 探测）…
    [launch] 浏览器进程已启动，创建初始 view…
    [cookie] identity=1688:direct，可用 147 个（库内共 166，已过期剔除 19，最近过期: 2026-08-08 20:19:59）
    [relaunch] 浏览器已重启，新出口 IP=1688:direct
[w0]   [X] 策略链声明放弃，跳过该页，页码不前进下次重采（已解析公司黄页）
[!] 收到信号 15，通知各 worker 清理后退出...
[solve] 第 1/8 次尝试：回放 50 点轨迹，距离 258px（剩余未用轨迹 8 条）
[judge] 检测到滑块报错文案: 
验证失败，点击框体重试(error:55xXg8)  
    验证失败，
[solve] 第 1 次失败
[solve] 检测到'验证失败，点击重试'状态，已点击错误框，等待滑块重渲……
[solve] 滑块已重新渲染
[solve] 第 2/8 次尝试：回放 42 点轨迹，距离 258px（剩余未用轨迹 7 条）
[judge] 检测到滑块报错文案: 
验证失败，点击框体重试(error:55xXg8)  
    验证失败，
[solve] 第 2 次失败
[solve] 已连续失败 2 次，刷新页面重新等滑块……
[solve] 第 3/8 次尝试：回放 19 点轨迹，距离 258px（剩余未用轨迹 6 条）
[judge] 检测到滑块报错文案: 
验证失败，点击框体重试(error:55xXg8)  
    验证失败，
[solve] 第 3 次失败
[solve] 检测到'验证失败，点击重试'状态，已点击错误框，等待滑块重渲……
[solve] 滑块已重新渲染
[solve] 第 4/8 次尝试：回放 38 点轨迹，距离 258px（剩余未用轨迹 5 条）
[judge] 检测到滑块报错文案: 
验证失败，点击框体重试(error:55xXg8)  
    验证失败，
[solve] 第 4 次失败
[solve] 已连续失败 4 次，刷新页面重新等滑块……
[solve] 第 5/8 次尝试：回放 59 点轨迹，距离 258px（剩余未用轨迹 4 条）
[judge] 检测到滑块报错文案: 
验证失败，点击框体重试(error:55xXg8)  
    验证失败，
[solve] 第 5 次失败
[solve] 检测到'验证失败，点击重试'状态，已点击错误框，等待滑块重渲……
[solve] 滑块已重新渲染
[solve] 第 6/8 次尝试：回放 83 点轨迹，距离 258px（剩余未用轨迹 3 条）
[judge] 检测到滑块报错文案: 
验证失败，点击框体重试(error:55xXg8)  
    验证失败，
[solve] 第 6 次失败
[solve] 已连续失败 6 次，刷新页面重新等滑块……
[solve] 第 7/8 次尝试：回放 35 点轨迹，距离 258px（剩余未用轨迹 2 条）
[judge] 检测到滑块报错文案: 
验证失败，点击框体重试(error:55xXg8)  
    验证失败，
[solve] 第 7 次失败
[solve] 检测到'验证失败，点击重试'状态，已点击错误框，等待滑块重渲……
[solve] 滑块已重新渲染
[solve] 第 8/8 次尝试：回放 33 点轨迹，距离 258px（剩余未用轨迹 1 条）
[judge] 检测到滑块报错文案: 
验证失败，点击框体重试(error:55xXg8)  
    验证失败，
[solve] 第 8 次失败
[solve] ✗ 第 1 层滑块 8 次尝试均未通过
[OK] 本次黄页采集: 0 页, 店铺 0 个（新增 0）
    数据库统计: {'runs': 0, 'shops': 0, 'pending': 0, 'in_progress': 0, 'done': 0, 'no_contact': 0, 'failed': 0, 'with_mobile': 0, 'categories_tracked': 0, 'categories_exhausted': 0}
